MPLINK 4.49, Linker
Linker Map File - Created Mon Apr 10 22:58:41 2023

                                 Section Info
                  Section       Type    Address   Location Size(Bytes)
                ---------  ---------  ---------  ---------  ---------
                   .org_0       code   0x000000    program   0x000000
                   .org_1       code   0x000000    program   0x000002
                   .org_2       code   0x000005    program   0x0000c4



                              Program Memory Usage 
                               Start         End      
                           ---------   ---------      
                            0x000000    0x000000      
                            0x000005    0x000066      
            99 out of 8454 program addresses used, program memory utilization is 1%



                              Symbols - Sorted by Name
                     Name    Address   Location    Storage File                     
                ---------  ---------  ---------  --------- ---------                
                    CICLO   0x000009    program     static D:\carlo\Documentos\FI\8vo Semestre\Lab Micros\Práctica2b\EjercicioPR2.asm
                 DELAY150   0x000051    program     static D:\carlo\Documentos\FI\8vo Semestre\Lab Micros\Práctica2b\EjercicioPR2.asm
                 DELAY200   0x000046    program     static D:\carlo\Documentos\FI\8vo Semestre\Lab Micros\Práctica2b\EjercicioPR2.asm
                  Delay_0   0x00004a    program     static D:\carlo\Documentos\FI\8vo Semestre\Lab Micros\Práctica2b\EjercicioPR2.asm
                  Delay_1   0x000055    program     static D:\carlo\Documentos\FI\8vo Semestre\Lab Micros\Práctica2b\EjercicioPR2.asm
                  Delay_2   0x000060    program     static D:\carlo\Documentos\FI\8vo Semestre\Lab Micros\Práctica2b\EjercicioPR2.asm
                   INICIO   0x000005    program     static D:\carlo\Documentos\FI\8vo Semestre\Lab Micros\Práctica2b\EjercicioPR2.asm
              MULTIPLICAR   0x00001f    program     static D:\carlo\Documentos\FI\8vo Semestre\Lab Micros\Práctica2b\EjercicioPR2.asm
                    delay   0x00005c    program     static D:\carlo\Documentos\FI\8vo Semestre\Lab Micros\Práctica2b\EjercicioPR2.asm
    desplazamiento_centro   0x00002a    program     static D:\carlo\Documentos\FI\8vo Semestre\Lab Micros\Práctica2b\EjercicioPR2.asm
   desplazamiento_centro2   0x000032    program     static D:\carlo\Documentos\FI\8vo Semestre\Lab Micros\Práctica2b\EjercicioPR2.asm
   desplazamiento_derecha   0x000027    program     static D:\carlo\Documentos\FI\8vo Semestre\Lab Micros\Práctica2b\EjercicioPR2.asm
 desplazamiento_izquierda   0x000024    program     static D:\carlo\Documentos\FI\8vo Semestre\Lab Micros\Práctica2b\EjercicioPR2.asm



                              Symbols - Sorted by Address
                     Name    Address   Location    Storage File                     
                ---------  ---------  ---------  --------- ---------                
                   INICIO   0x000005    program     static D:\carlo\Documentos\FI\8vo Semestre\Lab Micros\Práctica2b\EjercicioPR2.asm
                    CICLO   0x000009    program     static D:\carlo\Documentos\FI\8vo Semestre\Lab Micros\Práctica2b\EjercicioPR2.asm
              MULTIPLICAR   0x00001f    program     static D:\carlo\Documentos\FI\8vo Semestre\Lab Micros\Práctica2b\EjercicioPR2.asm
 desplazamiento_izquierda   0x000024    program     static D:\carlo\Documentos\FI\8vo Semestre\Lab Micros\Práctica2b\EjercicioPR2.asm
   desplazamiento_derecha   0x000027    program     static D:\carlo\Documentos\FI\8vo Semestre\Lab Micros\Práctica2b\EjercicioPR2.asm
    desplazamiento_centro   0x00002a    program     static D:\carlo\Documentos\FI\8vo Semestre\Lab Micros\Práctica2b\EjercicioPR2.asm
   desplazamiento_centro2   0x000032    program     static D:\carlo\Documentos\FI\8vo Semestre\Lab Micros\Práctica2b\EjercicioPR2.asm
                 DELAY200   0x000046    program     static D:\carlo\Documentos\FI\8vo Semestre\Lab Micros\Práctica2b\EjercicioPR2.asm
                  Delay_0   0x00004a    program     static D:\carlo\Documentos\FI\8vo Semestre\Lab Micros\Práctica2b\EjercicioPR2.asm
                 DELAY150   0x000051    program     static D:\carlo\Documentos\FI\8vo Semestre\Lab Micros\Práctica2b\EjercicioPR2.asm
                  Delay_1   0x000055    program     static D:\carlo\Documentos\FI\8vo Semestre\Lab Micros\Práctica2b\EjercicioPR2.asm
                    delay   0x00005c    program     static D:\carlo\Documentos\FI\8vo Semestre\Lab Micros\Práctica2b\EjercicioPR2.asm
                  Delay_2   0x000060    program     static D:\carlo\Documentos\FI\8vo Semestre\Lab Micros\Práctica2b\EjercicioPR2.asm


