MPLINK 4.49, Linker
Linker Map File - Created Mon Mar 13 21:41:17 2023

                                 Section Info
                  Section       Type    Address   Location Size(Bytes)
                ---------  ---------  ---------  ---------  ---------
                   .org_0       code   0x000000    program   0x000000
                   .org_1       code   0x000005    program   0x000030



                              Program Memory Usage 
                               Start         End      
                           ---------   ---------      
                            0x000005    0x00001c      
            24 out of 8454 program addresses used, program memory utilization is 0%



                              Symbols - Sorted by Name
                     Name    Address   Location    Storage File                     
                ---------  ---------  ---------  --------- ---------                
                 Goto0x05   0x000000    program     static D:\carlo\Documentos\FI\8vo Semestre\Lab Micros\Práctica1\Ejercicio3\ej3.asm
                   INICIO   0x000005    program     static D:\carlo\Documentos\FI\8vo Semestre\Lab Micros\Práctica1\Ejercicio3\ej3.asm
                   Z_CERO   0x00001a    program     static D:\carlo\Documentos\FI\8vo Semestre\Lab Micros\Práctica1\Ejercicio3\ej3.asm
                    Z_UNO   0x000017    program     static D:\carlo\Documentos\FI\8vo Semestre\Lab Micros\Práctica1\Ejercicio3\ej3.asm



                              Symbols - Sorted by Address
                     Name    Address   Location    Storage File                     
                ---------  ---------  ---------  --------- ---------                
                 Goto0x05   0x000000    program     static D:\carlo\Documentos\FI\8vo Semestre\Lab Micros\Práctica1\Ejercicio3\ej3.asm
                   INICIO   0x000005    program     static D:\carlo\Documentos\FI\8vo Semestre\Lab Micros\Práctica1\Ejercicio3\ej3.asm
                    Z_UNO   0x000017    program     static D:\carlo\Documentos\FI\8vo Semestre\Lab Micros\Práctica1\Ejercicio3\ej3.asm
                   Z_CERO   0x00001a    program     static D:\carlo\Documentos\FI\8vo Semestre\Lab Micros\Práctica1\Ejercicio3\ej3.asm


