MPLINK 4.49, Linker
Linker Map File - Created Sun Mar 12 19:03:07 2023

                                 Section Info
                  Section       Type    Address   Location Size(Bytes)
                ---------  ---------  ---------  ---------  ---------
                   .org_0       code   0x000000    program   0x000000
                   .org_1       code   0x000005    program   0x000028



                              Program Memory Usage 
                               Start         End      
                           ---------   ---------      
                            0x000005    0x000018      
            20 out of 8454 program addresses used, program memory utilization is 0%



                              Symbols - Sorted by Name
                     Name    Address   Location    Storage File                     
                ---------  ---------  ---------  --------- ---------                
                      DOS   0x00000e    program     static D:\carlo\Documentos\FI\8vo Semestre\Lab Micros\Práctica1\Ejercicio2\ej2.asm
                 Goto0x05   0x000000    program     static D:\carlo\Documentos\FI\8vo Semestre\Lab Micros\Práctica1\Ejercicio2\ej2.asm
                   INICIO   0x000005    program     static D:\carlo\Documentos\FI\8vo Semestre\Lab Micros\Práctica1\Ejercicio2\ej2.asm
                      UNO   0x000016    program     static D:\carlo\Documentos\FI\8vo Semestre\Lab Micros\Práctica1\Ejercicio2\ej2.asm
               UNO_CUATRO   0x000011    program     static D:\carlo\Documentos\FI\8vo Semestre\Lab Micros\Práctica1\Ejercicio2\ej2.asm



                              Symbols - Sorted by Address
                     Name    Address   Location    Storage File                     
                ---------  ---------  ---------  --------- ---------                
                 Goto0x05   0x000000    program     static D:\carlo\Documentos\FI\8vo Semestre\Lab Micros\Práctica1\Ejercicio2\ej2.asm
                   INICIO   0x000005    program     static D:\carlo\Documentos\FI\8vo Semestre\Lab Micros\Práctica1\Ejercicio2\ej2.asm
                      DOS   0x00000e    program     static D:\carlo\Documentos\FI\8vo Semestre\Lab Micros\Práctica1\Ejercicio2\ej2.asm
               UNO_CUATRO   0x000011    program     static D:\carlo\Documentos\FI\8vo Semestre\Lab Micros\Práctica1\Ejercicio2\ej2.asm
                      UNO   0x000016    program     static D:\carlo\Documentos\FI\8vo Semestre\Lab Micros\Práctica1\Ejercicio2\ej2.asm


